{
  "resourceType": "Bundle",
  "type": "batch",
  "entry": [
    {
      "fullUrl": "urn:uuid:cdef4ce4-eb7e-33de-1f3a-3a6dcebd3439",
      "resource": {
        "resourceType": "Composition",
        "id": "cdef4ce4-eb7e-33de-1f3a-3a6dcebd3439",
        "identifier": {
          "use": "official",
          "value": "2.16.840.1.113883.19.4.27"
        },
        "status": "final",
        "type": {
          "coding": [
            {
              "code": "18748-4",
              "display": "Diagnostic Imaging Report",
              "system": "http://loinc.org"
            }
          ]
        },
        "date": "2005-03-29T17:15:04-05:00",
        "title": "Chest X-Ray, PA and LAT View",
        "confidentiality": "N",
        "attester": [
          {
            "mode": "legal",
            "time": "2005-03-29T22:44:11-05:00",
            "party": {
              "reference": "Practitioner/e1ba9b33-b82e-7558-1732-131914e8e2cc"
            }
          }
        ],
        "event": [
          {
            "period": {
              "start": "2006-08-23T22:24:00+05:00"
            }
          }
        ],
        "section": [
          {
            "title": "DICOM Object Catalog",
            "text": {
              "status": "generated",
              "div": "<div xmlns=\"http://www.w3.org/1999/xhtml\">DICOM Object Catalog</div>"
            },
            "code": {
              "coding": [
                {
                  "code": "121181",
                  "display": "DICOM Object Catalog",
                  "system": "urn:oid:1.2.840.10008.2.16.4"
                }
              ]
            },
            "mode": "snapshot"
          },
          {
            "title": "Indications for Procedure",
            "text": {
              "status": "generated",
              "div": "<div xmlns=\"http://www.w3.org/1999/xhtml\">Indications for Procedure</div>"
            },
            "code": {
              "coding": [
                {
                  "code": "121109",
                  "display": "Indications for Procedure",
                  "system": "urn:oid:1.2.840.10008.2.16.4"
                }
              ]
            },
            "mode": "snapshot"
          },
          {
            "title": "History",
            "text": {
              "status": "generated",
              "div": "<div xmlns=\"http://www.w3.org/1999/xhtml\">History</div>"
            },
            "code": {
              "coding": [
                {
                  "code": "11329-0",
                  "display": "History",
                  "system": "http://loinc.org"
                }
              ]
            },
            "mode": "snapshot"
          },
          {
            "title": "Findings",
            "text": {
              "status": "generated",
              "div": "<div xmlns=\"http://www.w3.org/1999/xhtml\">Findings</div>"
            },
            "code": {
              "coding": [
                {
                  "code": "121070",
                  "display": "Findings",
                  "system": "urn:oid:1.2.840.10008.2.16.4"
                }
              ]
            },
            "mode": "snapshot"
          },
          {
            "title": "Impressions",
            "text": {
              "status": "generated",
              "div": "<div xmlns=\"http://www.w3.org/1999/xhtml\">Impressions</div>"
            },
            "code": {
              "coding": [
                {
                  "code": "121072",
                  "display": "Impressions",
                  "system": "urn:oid:1.2.840.10008.2.16.4"
                }
              ]
            },
            "mode": "snapshot"
          }
        ],
        "subject": {
          "reference": "Patient/ed5160e5-df41-5e17-49f6-a8e0873676bc"
        },
        "encounter": {
          "reference": "Encounter/b4d9de2a-5f31-773c-6bc9-a19ddc23af7d"
        },
        "custodian": {
          "reference": "Organization/93f37570-5790-ddaa-f614-1a827f39d4ce"
        },
        "author": [
          {
            "reference": "Practitioner/7876b236-bb9c-7e0b-4e50-d35b6f2ed1b2"
          }
        ]
      },
      "request": {
        "method": "PUT",
        "url": "Composition/cdef4ce4-eb7e-33de-1f3a-3a6dcebd3439"
      }
    },
    {
      "fullUrl": "urn:uuid:e1ba9b33-b82e-7558-1732-131914e8e2cc",
      "resource": {
        "resourceType": "Practitioner",
        "id": "e1ba9b33-b82e-7558-1732-131914e8e2cc",
        "meta": {
          "profile": [
            "http://hl7.org/fhir/us/core/StructureDefinition/us-core-practitioner"
          ]
        },
        "identifier": [
          {
            "system": "urn:oid:2.16.840.1.113883.19.5",
            "value": "KP00017"
          }
        ],
        "name": [
          {
            "family": "Seven",
            "given": [
              "Henry"
            ]
          }
        ],
        "address": [
          {
            "line": [
              "21 North Ave."
            ],
            "city": "Burlington",
            "state": "MA",
            "country": "USA",
            "postalCode": "02368"
          }
        ],
        "telecom": [
          {
            "system": "phone",
            "value": "(555)555-1003",
            "use": "work"
          }
        ]
      },
      "request": {
        "method": "PUT",
        "url": "Practitioner/e1ba9b33-b82e-7558-1732-131914e8e2cc"
      }
    },
    {
      "fullUrl": "urn:uuid:b4d9de2a-5f31-773c-6bc9-a19ddc23af7d",
      "resource": {
        "resourceType": "Encounter",
        "id": "b4d9de2a-5f31-773c-6bc9-a19ddc23af7d",
        "status": "unknown",
        "identifier": [
          {
            "system": "urn:oid:1.3.6.4.1.4.1.2835.12",
            "value": "9937012"
          }
        ]
      },
      "request": {
        "method": "PUT",
        "url": "Encounter/b4d9de2a-5f31-773c-6bc9-a19ddc23af7d"
      }
    },
    {
      "fullUrl": "urn:uuid:93f37570-5790-ddaa-f614-1a827f39d4ce",
      "resource": {
        "resourceType": "Organization",
        "id": "93f37570-5790-ddaa-f614-1a827f39d4ce",
        "identifier": [
          {
            "system": "urn:ietf:rfc:3986",
            "value": "urn:uuid:2.16.840.1.113883.19.5"
          }
        ],
        "name": "Good Health Clinic",
        "address": [
          {
            "use": "work",
            "line": [
              "17 Daws Rd."
            ],
            "city": "Blue Bell",
            "state": "MA",
            "country": "USA",
            "postalCode": "02368"
          }
        ],
        "telecom": [
          {
            "system": "phone",
            "value": "(555)555-1212",
            "use": "work"
          }
        ]
      },
      "request": {
        "method": "PUT",
        "url": "Organization/93f37570-5790-ddaa-f614-1a827f39d4ce"
      }
    },
    {
      "fullUrl": "urn:uuid:7876b236-bb9c-7e0b-4e50-d35b6f2ed1b2",
      "resource": {
        "resourceType": "Practitioner",
        "id": "7876b236-bb9c-7e0b-4e50-d35b6f2ed1b2",
        "meta": {
          "profile": [
            "http://hl7.org/fhir/us/core/StructureDefinition/us-core-practitioner"
          ]
        },
        "identifier": [
          {
            "system": "http://hl7.org/fhir/sid/us-npi",
            "value": "KP00017"
          }
        ],
        "name": [
          {
            "family": "Seven",
            "given": [
              "Henry"
            ]
          }
        ],
        "address": [
          {
            "line": [
              "21 North Ave."
            ],
            "city": "Burlington",
            "state": "MA",
            "country": "USA",
            "postalCode": "02368"
          }
        ],
        "telecom": [
          {
            "system": "phone",
            "value": "(555)555-1003",
            "use": "work"
          }
        ],
        "qualification": [
          {
            "code": {
              "coding": [
                {
                  "code": "200000000X",
                  "display": "Allopathic & Osteopathic Physicians",
                  "system": "http://nucc.org/provider-taxonomy"
                }
              ]
            }
          }
        ]
      },
      "request": {
        "method": "PUT",
        "url": "Practitioner/7876b236-bb9c-7e0b-4e50-d35b6f2ed1b2"
      }
    },
    {
      "fullUrl": "urn:uuid:ed5160e5-df41-5e17-49f6-a8e0873676bc",
      "resource": {
        "resourceType": "Patient",
        "id": "ed5160e5-df41-5e17-49f6-a8e0873676bc",
        "meta": {
          "profile": [
            "http://hl7.org/fhir/us/core/StructureDefinition/us-core-patient"
          ]
        },
        "identifier": [
          {
            "system": "urn:oid:2.16.840.1.113883.19.5",
            "value": "12345"
          }
        ],
        "name": [
          {
            "use": "usual",
            "family": "Everyman",
            "given": [
              "Adam"
            ]
          }
        ],
        "birthDate": "1954-11-25",
        "gender": "male",
        "extension": [
          {
            "url": "http://hl7.org/fhir/us/core/StructureDefinition/us-core-race",
            "extension": [
              {
                "url": "ombCategory",
                "valueCoding": {
                  "code": "2106-3",
                  "display": "White"
                }
              },
              {
                "url": "text",
                "valueString": "White"
              }
            ]
          },
          {
            "url": "http://hl7.org/fhir/us/core/StructureDefinition/us-core-ethnicity",
            "extension": [
              {
                "url": "ombCategory",
                "valueCoding": {
                  "code": "2186-5",
                  "display": "Not Hispanic or Latino"
                }
              },
              {
                "url": "text",
                "valueString": "Not Hispanic or Latino"
              }
            ]
          }
        ],
        "address": [
          {
            "use": "home",
            "line": [
              "17 Daws Rd."
            ],
            "city": "Blue Bell",
            "state": "MA",
            "country": "USA",
            "postalCode": "02368"
          }
        ],
        "telecom": [
          {
            "system": "phone",
            "value": "(781)555-1212",
            "use": "home"
          }
        ],
        "communication": [
          {
            "language": {
              "coding": [
                {
                  "system": "urn:ietf:bcp:47"
                }
              ]
            },
            "preferred": true
          }
        ]
      },
      "request": {
        "method": "PUT",
        "url": "Patient/ed5160e5-df41-5e17-49f6-a8e0873676bc"
      }
    },
    {
      "fullUrl": "urn:uuid:c381d143-1762-43d8-9fb2-df8fc9e51d77",
      "resource": {
        "resourceType": "RelatedPerson",
        "id": "c381d143-1762-43d8-9fb2-df8fc9e51d77",
        "relationship": [
          {
            "coding": [
              {
                "code": "GRFTH",
                "display": "Grandfather",
                "system": "urn:oid:2.16.840.1.113883.5.111"
              }
            ]
          }
        ],
        "name": [
          {
            "family": "Relative",
            "given": [
              "Ralph"
            ]
          }
        ],
        "telecom": [
          {
            "system": "phone",
            "value": "(781)555-1212",
            "use": "home"
          }
        ],
        "address": [
          {
            "use": "home",
            "line": [
              "17 Daws Rd."
            ],
            "city": "Blue Bell",
            "state": "MA",
            "country": "USA",
            "postalCode": "02368"
          }
        ],
        "patient": {
          "reference": "Patient/ed5160e5-df41-5e17-49f6-a8e0873676bc"
        }
      },
      "request": {
        "method": "PUT",
        "url": "RelatedPerson/c381d143-1762-43d8-9fb2-df8fc9e51d77"
      }
    },
    {
      "fullUrl": "urn:uuid:12cf0fbc-0e1a-a04e-f22d-1c3bce9ccb34",
      "resource": {
        "resourceType": "DocumentReference",
        "id": "12cf0fbc-0e1a-a04e-f22d-1c3bce9ccb34",
        "type": {
          "coding": [
            {
              "code": "18748-4",
              "display": "Diagnostic Imaging Report",
              "system": "http://loinc.org"
            }
          ]
        },
        "date": "2022-03-24T16:13:53.827Z",
        "status": "current",
        "content": [
          {
            "attachment": {
              "contentType": "text/plain",
              "data": "H4sIAAAAAAAACu1ce3PaSpb/O9+il53adWbDQwJs7MG+RcCOvesHC85Nqra2UrLUBs3Vg9HDNjM1331/p9USLSEwONg3tTdUHtDq7tN93n3OaXV/eXId9sCD0Pa944pWa1QY90zfsr3JceXz7Vm1U2FhZHiW4fgeP67MeVj55aRLw6phNHd4OOU8YtF8hocRf4rqT6FTYdOA3x9X+oNejX5iwL9Uq+zWjhx+xORnYBsTzw8j22QXrjEBQDbiMz+I2JntcM9wZdd+FdN8G+nfFgO+yQHfkgE12kM/4EbELXY3p2GXhodFG6zve2HsRDT5p8CPZx/Y5WWfsT9dGmHUnxrehFsDDDtiekNrVTWtqulMbx7p7aPGIas22o0G2/vCrQ8M7df+g+j2nv0JEP78wg/2HZqOYbs8OGK3UztkoeHOHM7usWtm+li37YUs4LOAhxy/IvuBM8uIDMYd7qIlZJG/eM6M1ZisMUCQM1t8ZpsYa+CnGYHahsPMqREYZsSDfw/ZlBtONBWAaqznzQEh5O6dY3gmJ4AGGjBkBlbxPYZlm77tmbZFS3QIkM9sx4nDKAA+mREy18Ak+XWjdeaHoX3n8A8swspMx/ZsE9OGJige2D5GzZnnR+yOs5ljxKKv3IaYy/YwsIA0/KQhthdxzwIL5NCTrBpYpBV8wPp9GucHC9j8gR4JIIuJ8c3ioT3xkvmwnDjEV4AHif4aewKF7NEGymgjgklZP53y2o94CGLMkp0bovOnGNiqvZxxqtWTbgph4JsxzczA+l549BTax5VpFM2O6vXHx8faY7PmB5O63mho9a9Xl2Nzyl2jCr6CUJi8kow6rsSBdzR1Dqroe/TQlM1Hrn1ffFRHW/rYtIxVI0MrMvPPqKVy8k6IP7ZASDrnhsUDlmzoXZfo4/Z9i3jfgg75PK7U0UwK5cJige9HxxW9pu3XOq1GTatpWrPTaeILgELbcC9RXMOb/uDb+aCBT6shJiCIn8fsE/d4AIpIqLccNCEGFbAj+WsdoEZNxx88qGk5iEJhNParjcMM3GqN9j1g2+vA2mumOKy1avpBYXRjv9HRO9oB/tX228kk5gL7Wueg1am2KuLneB5iqWVz7xMyFl2uoayPK5c3F9f9CrPsELubJ20rUZIQmQzCSX/Kw4h9rY6M+Qc27DEYG3bZu2W/2vyxW0/6vOvy+3sOoXvgt1Cd7MFwYi7202409UPtQGs3WkJfyx1590I12YZjR3OFva6f21q7prfFHNB8k9iYcGUw96qSPUMegXoKZjV8Dg8bOvCymiBiqDS217F7B4aUG9HEo4CbfmDdGsGERyfvBFNdn35h/ZvrM1K87M4IuZChaqrRRj501fi8d3kpNKbUef49+x+tVvvz/xK7vesqffFTMI26cr3ZAo+tYSOBD4wzLCsgNXhcOR9CqKkJ6h7mv4cHPAwvbY+faAdsYDyGbGTVuvXlx2KUCZqcfMTG2UfuON26+C3ng1ycXPVoKH0TjbAZsDFEh5OG3tzvdOtKSzKhH3tRMD/5PMbI9Ac9qNOaxbcIVsj03RTh+Hm0d9DR3rfbbRh9Ta9kO0s2K5GWzE/eSPL8Mtn4u+4ErOid9CzD7daT70n7veHazvzkFGSewwR267JBPKzTRMlXw3KhyoW5xGioKagnhdWunudTwTM01Z0dRFNVLLTDdkvTEj6mDi5MK/A1BkrjMA8kJ61XRhDY3NpARJal/6oIIwUecMee2H4c9u5hrW1hC5U1aA2tWVhGfxoAMbbhLUM5vzyAApETMmVGtgG+Ggf72aIMUxVsXYNKLS7jy9SO+POaUG92ltc5wvzs3+BK/IWdRlOYbHA4pLY/6Kcr4KJZOKW5hXT2q+3CQuBNsHM0GBhAnsslduz5r7YyaL3AAvYlQyvW4dPo7Pa8sLhPAfT1vQEnKNiABJq2gqakx+iBXESZsnmpulmncFaonE2Uzhq1oyqe7VWPQoKh8LZTcJnyWOifkeHMpjkFtFBBkBOhW3IqKKeE8L0E0qJRUS8guJkOUr4ndMogl+NyI2Suw2YenfUF/G69sDjFartuTK4yKQc5sMSi3wfV/nWGdhdtysPRl1GB2Ufc5MCoxb5A2cGCPs/x+40SR0muo3cH7RXNr1S2nwU+zmewPOb8EgcTgaFU+oqS5/sbqOp97dkFDBcwlXXwex6giV/AHUs5N4gztV5fiWkQaGE7aUMPcMWCm2AC/fX3BT2e8V0z4yW4lfZKPjwdUZMzkGpLNxSwL6mAKUxbolJ0Dec3cBXrkeys0ClSpcQBFjOJfE/VKeVisIEQrBYBxZGpr8BohvbEz+vW895k14ijqU9TwO1e9qB1vQWXIfOg0T1MTr+9dFjRb/yvIQ5bGs4Xq4jYqklzq5oQwEs+Xzc4YzS0Asv3HMfHLqewg4kJu8HotGU4nYdgY8MLFX/1ZAMiP+eolhH5jT1VcHLCzY1Gs8DNGaVUFa6o+MQ2nHMvmJd6qmOKf6xwU7Gq4uSLppQz0JJ+oxDNKcIwAReMlvZEk8Tbs0Kvclirqbf1n7R8C1qmFOrWcyTsmgjo+dIVyMjZVxrJv5fHTuXBWyv7TDxWKfus7eR7HMk1fuQr6/wNkLwgpkIfzKj8sL17P3DFAHgy9kwa6W4aOVUbV/bepXZZBYIiIcLRWmakZzlEGL6ywQRuaZ+r1tB1+MRwSMVRFAnOzRamk6iAU3Cg+pIibLRKI25jVQvxmJ/27Q10YhkvCH/qJ29Ef3TeKLAB4oYBftgI1iRZUdo+Do6nZ2R6aL0+XNQonQFZKDQlfYajm18rqUrwYsc5c4wHP0D850INwJY+SfFWPiwDuhZNPYQrLaMUTz257XwooRvGCMA9nVwNYPSSryUoLIJWGxdoVNAmDNVZ7CC251CO6+aeRuEoI5zKpfB1o40A9kEWwdZqeqIwteY+dKVe29drh4etRqt10Gm39Q6lRBK0UMqG/YNG/RONFDQ3TBP2nqKJXhKdB8IppYywu8XQ6isGhbKKvmObc7ZHycc09I4E4XiUJhGtNEt3x03kMrlYYpquDGewNve2SFmzwUX/5uq9CNeXxuf1zbfXKdteh7ZHCMWmBCZ/uB1qm+/wsGyHh7RDEQj6AXbYrUt2JfeiwMrddEaxhIS5Qx482CZH0gCAFJXQ699mGmFD7GhaS+8g/q93Gm0FT2EUW3OWZoDZ54sBW02L5ua02FdgpKTYJ1IE/G8x8npADeIVJrfgDjEA/X34TQlAHDTardZS3gPKjXKUAIl1EIIQ3LL9SWDMpkhKojbC+otI9vtxJGo0AtSPoFYBxyRkGPfC9xsEM0pyJv3hbUviL5feTNSo4z8qriblbZs6fM1G4z8yVxP8tTSwi0whebRg/YX9GY6E/Xm3RfIZ+YNFimnZby3hHBhoJBw2OOYxlg8Jddqjht7QNw0JLSUQxEHANMBhQxkbY7fGk+/5Lnjp/GLY671fnZceGZbtO/5kEftcaWafMbTl/kjO1GbGVua4PL4ieN+HvBQC96vsrWpxS92WMsdFxAtTRhEaS9VBIhBQVFNCxsH5XpgdmITRTESNhFQWdBB7WVmFyoIJv56NroQXBGOPJ2mPTH+Mb4bsQtVQezgLdT7gPNR5T5CW1cBChW2qr6QgZV90/ME/tcSmCD8ktzQ6Teb2I6oL3BmK4VLPhOrl3Bkh2JucesKvLfVUDg+bBw1SA+laiaFb4G76q3eaSI+l0a5VxQ5K8UbaMwU4LPU7e7fXg5cIvr6m6GRDfdCSnw0CxMUQcWewVYh4B/ogLRMaUj0cpOCNdAFlWSDFgwAxJ/k9rybOjPkKBXEm/lub29tYEZQxkZCGFaxNpzdFBBYCIXwZZIlMin5YH30rAaA+T2T9pUVwhZK4sk+ijW7u/goJYn1EM6Hb2ZjEyfd2BTbRO+S3JXWAiss2uOmPT+G2MRcxqqTp9NfrNO64hRBSwVmJdMDMap0c0ytqj/QlmW3olWWxGPSL9R5lqMpgcjX/+rokG5NzumPakACaS850KVW2VY6Z1vpOx3yJtFoTinY3pBUoVcBsbFFSchdptAPKlJIeHjRKZV8XWMYSkquTygiUhk/tmWIsIQxZqclW7LMNA8HXgN1rLpD9Iv8FbgvYqdVpN3BwVqcqslN7R+wkyKRs+F33bzFqK3Hayqo/MvOmaKrm4W7go0ZCVHJWTphq4yRQwc4San+0G4goa5jFdHwV54PkJCigC2AqIuolmCALuSht2Vb+yiXwVWRw7M9yLvdbwFyIY7pRHUV9stwkZHuoVsfpelEJ/D4/YnMRprDhHZ1rjCUr/eni6tNqcd7WIsiY23cI9NKBJKchCoKdY+m2PEGIAvV1nF9atA3GB9k34H1Rv41aY0S58b+QhDyLC5w9ISrCkW28FfeBjNkM8RyB/LplwwvMoZiOipLoqUAoVxj4kzjqiXsMj4bl/yIDSmLmL73BjSgAEWEtbOB4K/ObDBUqbaOxZVpXzOEL12mrOZYJLWaioBIYW+xuGW05VhAys0Bd5DNbkEZje8NeXlZIERFRci3rVJFcVQ4ggpkLIVJV3JIg/pGEFIzwU0j/CEKaEHpXQqqzvSWL9iIpxbK+V0oRDDAzoKs7Kt1kJxlKkKffNzjUn8IRQADwDc/2SojjVUMYI27QfUpEVGWKZqe7oWuTfmBPbEquZGHaLIkSTQ2RPHHBzLD2ls+TRIq8hYrQbgXVv5LLQ7HIYZrMqTBJ/pq4nGlEUWDfwWlIWJVVlI3RBclRlg5SZqAAb6vxAQ6K/l6kV8TtTuos5cZKxwEt+J8kKRnSQyhVxISpO7ZEGRpE+aZGiMwQ99IdxXSrRvSBUYndmbAwYtfUJgcVl55NIn2i5AYo+aK2ZzqxyF/NxQSiLoTlKgBqhdBQeQAHgdSdHFJWUyeLUYrrcyv7ZffrpDmFEhrHlEcjSjmxN2FR7PqBop9eS+yliL+uPLytbJcosnMkffxg/srxyBKm01CoVm3s7F6n3EeBzWRrCVNJS4LsiiGOE4vwlyGEcjE0bcg6JDYXuePjyplneROtcjL2EdqPpoFvRAicyx6ZtSoAUW3rUlAzI0iQXNSVV9XZ3u3pV9VKr3JRbz6OdxNTTFM/JdoCJn832qJAtK2jgol6fArto+R1D6cytVR+lvtXSa3F+FzopMRf+Z29i1eVzd9R5zB2ZkP/e5PwbdTOVjmOjO2LTH+wI6ZP915QVWnzS3SVHLuBrtIrJ+QcIRWJOIoIjFDOP3bJ6ZL+jke5dIc5tmvTSyioO3LsCIEZwjOzLZQ386QdGcIHuvfqzOndFCacFiqimRniCqf0aQofAdNhcAGnUWLPxR1ycnFMhyNDaompoU4pW+r5zOOPcHNQryTe45EsCE+wFEM8C5ADhKdISd4FUIffR2xqO3H4gYUxygpsP8Ai9wDb5cgYFldl3FEdTavtuu9rrMf6tyw0DfFSEbqz5EIDk5NFPsB9HNDNUsZJdQhVIVHh8JjytSF2D6eVFi/2kzx9sEMKyf4dk7hxaMaOH/4GzY7jAsuyk0s5B3LwaDMxPEc4hXcWCOaJmREevUPRAXWIvYC7RvAbNTxvetYx0UDiZj0XUS8wEaHqu6CN/TiAaoaWu4KDhe2TlVsPeowBN/fUXVfUPLjxt/PIdeQbfn4G7MpjAclLLb4hho3qcYmyhR18scfyAi9EvHiJ4rI3ylglIbYzL+VgR0lpqV3f1EtRt5VP8Aj8QSHyALqS3Qco93AXErRpZnE8HCWFnC8l49aEknWFy6TSW/saXcI8eP4scLi/TK/x9c3V6QAqe+kdBVYMHRlC6eZDuzL6cFuMby1TItF1hZhW6fCl7BoRCcYriXAszvNM3MrKvfKC/C5YAm4BUCGt9EzA7VBl/hI+G/53JR1F71OJPRs0cnMpj66onks4RK4HHZ6lQ8lbHD73P+feEPLr4g1uSnHBEjeX8nMSmNw4xTb+/PE/f4DoPe0jqQ/UtHb7vRozKtYRFmKtr5Ccyy2msbSYPmFFqbn+f53UK8a9+yMplwmfIUcF/4w/FkPgP7OBL8sG7iDBl/CvwrNnATgmLDLrNim91WphdHPxETWpa/TC1rZO1sKvkCuEWw83OksW3vRRwMYSjO3QIZH8kY5PBoIM5d7Y9zgIL0JdruikvISoub818sRbjeiwIRmJTnKDpEMJvKIhvbiGc6G+Fy3fvTzP9WxGet3QZwYKyg3jYObj6Cxi1Kl620JCRuObArVeTOXtaJzWbJcSuDcen45uL7C0Z18kk/MoSwnXh1gvhC5/4eU7Ss/Kjq5LwrXKz1zha6qH2xIOWznZcvnXi9nqRQnbkiHrErc/Woj1dQORv2eM9cKl+2rkg79RlLV4+t6RtCn7KOYQF09eEjRdDN8gbtqsnFwj5WrSIS4Jns5ix/U9spziOmGIyOQoF4pEKFWEIdP4YxqPXI4gJm/tRdCxEG8sxgPDJH3szOmtpYjR0lsdPBOQkiQ5f0qSwd+bgVog5jWSUG8X/mnumgHfNALUfGGeqkBQqhnPU6LsOu/2mFdvDAhvJLtT2yfeA33T6VTiFq69dl587fVV7rxmm6G3Zct3oYsV01u4IW3TiBIdNkhPV/KobCOpDhF90rdxK3UchQuLIl7vPyDQYSNbwuzoA3uc2uZU5F6SEhB8E9SjJviotVw4b/0hqnAP94cqk7p4bVuUN7TidUm5K1/q8269+M7yk/8Df+Ga7HVgAAA=",
              "hash": "NjFkYTNiZmY0NzYzNTIzMjVlOWM0Y2U5NjFlMzFkNTYyZmM4ZjBlNw=="
            }
          }
        ]
      },
      "request": {
        "method": "PUT",
        "url": "DocumentReference/12cf0fbc-0e1a-a04e-f22d-1c3bce9ccb34"
      }
    }
  ]
}